#
# There is insufficient memory for the Java Runtime Environment to continue.
# Native memory allocation (mmap) failed to map 4161536 bytes. Error detail: G1 virtual space
# Possible reasons:
#   The system is out of physical RAM or swap space
#   This process is running with CompressedOops enabled, and the Java Heap may be blocking the growth of the native heap
# Possible solutions:
#   Reduce memory load on the system
#   Increase physical memory or swap space
#   Check if swap backing store is full
#   Decrease Java heap size (-Xmx/-Xms)
#   Decrease number of Java threads
#   Decrease Java thread stack sizes (-Xss)
#   Set larger code cache with -XX:ReservedCodeCacheSize=
#   JVM is running with Zero Based Compressed Oops mode in which the Java heap is
#     placed in the first 32GB address space. The Java Heap base address is the
#     maximum limit for the native heap growth. Please use -XX:HeapBaseMinAddress
#     to set the Java Heap base and to place the Java Heap above 32GB virtual address.
# This output file may be truncated or incomplete.
#
#  Out of Memory Error (os_windows.cpp:3766), pid=19932, tid=11968
#
# JRE version:  (25.0.2+1) (build )
# Java VM: OpenJDK 64-Bit Server VM (25.0.2+1-b329.72, mixed mode, sharing, tiered, compressed oops, compressed class ptrs, g1 gc, windows-amd64)
# No core dump will be written. Minidumps are not enabled by default on client versions of Windows
#

---------------  S U M M A R Y ------------

Command Line: git4idea.http.GitAskPassApp Username for 'https://github.com': 

Host: Intel(R) Core(TM) i5-10400 CPU @ 2.90GHz, 12 cores, 15G,  Windows 11 , 64 bit Build 26100 (10.0.26100.8115)
Time: Thu Apr  2 04:04:30 2026 India Standard Time elapsed time: 1.129300 seconds (0d 0h 0m 1s)

---------------  T H R E A D  ---------------

Current thread (0x000001f8f0f20900):  JavaThread "Unknown thread" [_thread_in_vm, id=11968, stack(0x000000ca6ec00000,0x000000ca6ed00000) (1024K)]

Stack: [0x000000ca6ec00000,0x000000ca6ed00000]
Native frames: (J=compiled Java code, j=interpreted, Vv=VM code, C=native code)
V  [jvm.dll+0x7c0b19]  (no source info available)
V  [jvm.dll+0x78a2ed]  (no source info available)
V  [jvm.dll+0xa0e563]  (no source info available)
V  [jvm.dll+0xa10d5c]  (no source info available)
V  [jvm.dll+0xa11453]  (no source info available)
V  [jvm.dll+0x307b86]  (no source info available)
V  [jvm.dll+0x7bcd25]  (no source info available)
V  [jvm.dll+0x7afce7]  (no source info available)
V  [jvm.dll+0x4015ce]  (no source info available)
V  [jvm.dll+0x4093eb]  (no source info available)
V  [jvm.dll+0x3f5c3e]  (no source info available)
V  [jvm.dll+0x3f5edb]  (no source info available)
V  [jvm.dll+0x3cc093]  (no source info available)
V  [jvm.dll+0x3cccfe]  (no source info available)
V  [jvm.dll+0x9d48d7]  (no source info available)
V  [jvm.dll+0x466ce2]  (no source info available)
V  [jvm.dll+0x9b8019]  (no source info available)
V  [jvm.dll+0x508951]  (no source info available)
V  [jvm.dll+0x50a2c1]  (no source info available)
C  [jli.dll+0x541a]  (no source info available)
C  [ucrtbase.dll+0x37b0]  (no source info available)
C  [KERNEL32.DLL+0x2e8d7]  (no source info available)
C  [ntdll.dll+0x8c3fc]  (no source info available)

Lock stack of current Java thread (top to bottom):


---------------  P R O C E S S  ---------------

Threads class SMR info:
_java_thread_list=0x00007ffd77609108, length=0, elements={
}

Java Threads: ( => current thread )
Total: 0

Other Threads:
  0x000001f8f32e6230 WorkerThread "GC Thread#0"                     [id=7488, stack(0x000000ca6ed00000,0x000000ca6ee00000) (1024K)]
  0x000001f8f3300600 ConcurrentGCThread "G1 Main Marker"            [id=18824, stack(0x000000ca6ee00000,0x000000ca6ef00000) (1024K)]
  0x000001f8f3302950 WorkerThread "G1 Conc#0"                       [id=20152, stack(0x000000ca6ef00000,0x000000ca6f000000) (1024K)]

[error occurred during error reporting (printing all threads), id 0xc0000005, EXCEPTION_ACCESS_VIOLATION (0xc0000005) at pc=0x00007ffd76c20cea]
VM state: not at safepoint (not fully initialized)

VM Mutex/Monitor currently owned by a thread:  ([mutex/lock_event])
[0x00007ffd77691d20] Heap_lock - owner thread: 0x000001f8f0f20900

Heap address: 0x0000000702400000, size: 4060 MB, Compressed Oops mode: Zero based, Oop shift amount: 3

CDS archive(s) mapped at: [0x0000000000000000-0x0000000000000000-0x0000000000000000), size 0, SharedBaseAddress: 0x0000000800000000, ArchiveRelocationMode: 1.
UseCompressedClassPointers 1, UseCompactObjectHeaders 0
Narrow klass pointer bits 32, Max shift 3
Narrow klass base: 0xffffffffffffffff, Narrow klass shift: -1
Encoding Range: [0xffffffffffffffff - 0x000000007fffffff), (2147483648 bytes)
Klass Range:    [0x0000000000000000 - 0x0000000000000000), (0 bytes)
Klass ID Range:  [4294967295 - 0) (1)
No protection zone.

GC Precious Log:
 CardTable entry size: 512
 Card Set container configuration: InlinePtr #cards 4 size 8 Array Of Cards #cards 16 size 48 Howl #buckets 8 coarsen threshold 3686 Howl Bitmap #cards 512 size 80 coarsen threshold 460 Card regions per heap region 1 cards per card region 4096

Heap:
 garbage-first heap   total reserved 4157440K, committed 0K, used 0K [0x0000000702400000, 0x0000000800000000)
  region size 2048K, 0 young (0K), 0 survivors (0K)

Heap Regions: E=young(eden), S=young(survivor), O=old, HS=humongous(starts), HC=humongous(continues), CS=collection set, F=free, TAMS=top-at-mark-start, PB=parsable bottom

Card table byte_map: [0x000001f8f83d0000,0x000001f8f8bc0000] _byte_map_base: 0x000001f8f4bbe000

Marking Bits: (CMBitMap*) 0x000001f8f32e69c0
 Bits: [0x000001f8f8bc0000, 0x000001f8fcb30000)

GC Heap Usage History (0 events):
No events

Metaspace Usage History (0 events):
No events

Dll operation events (1 events):
Event: 0.009 Loaded shared library C:\Program Files\JetBrains\CLion 2025.3.2\jbr\bin\java.dll

Deoptimization events (0 events):
No events

Classes loaded (0 events):
No events

Classes unloaded (0 events):
No events

Classes redefined (0 events):
No events

Internal exceptions (0 events):
No events

VM Operations (0 events):
No events

Memory protections (0 events):
No events

Nmethod flushes (0 events):
No events

Events (0 events):
No events


Dynamic libraries:
0x00007ff6f4220000 - 0x00007ff6f422a000 	C:\Program Files\JetBrains\CLion 2025.3.2\jbr\bin\java.exe
0x00007ffdf1c20000 - 0x00007ffdf1e87000 	C:\WINDOWS\SYSTEM32\ntdll.dll
0x00007ffdf0630000 - 0x00007ffdf06f9000 	C:\WINDOWS\System32\KERNEL32.DLL
0x00007ffdeebc0000 - 0x00007ffdeefb4000 	C:\WINDOWS\System32\KERNELBASE.dll
0x00007ffdeefc0000 - 0x00007ffdef10b000 	C:\WINDOWS\System32\ucrtbase.dll
0x00007ffde7420000 - 0x00007ffde743e000 	C:\Program Files\JetBrains\CLion 2025.3.2\jbr\bin\VCRUNTIME140.dll
0x00007ffdd5410000 - 0x00007ffdd5427000 	C:\Program Files\JetBrains\CLion 2025.3.2\jbr\bin\jli.dll
0x00007ffdf1620000 - 0x00007ffdf17e5000 	C:\WINDOWS\System32\USER32.dll
0x00007ffdef110000 - 0x00007ffdef137000 	C:\WINDOWS\System32\win32u.dll
0x00007ffdd81a0000 - 0x00007ffdd8433000 	C:\WINDOWS\WinSxS\amd64_microsoft.windows.common-controls_6595b64144ccf1df_6.0.26100.8115_none_3e075c82e3354f9c\COMCTL32.dll
0x00007ffdf0270000 - 0x00007ffdf029b000 	C:\WINDOWS\System32\GDI32.dll
0x00007ffdf00d0000 - 0x00007ffdf0179000 	C:\WINDOWS\System32\msvcrt.dll
0x00007ffdee670000 - 0x00007ffdee79a000 	C:\WINDOWS\System32\gdi32full.dll
0x00007ffdee910000 - 0x00007ffdee9b3000 	C:\WINDOWS\System32\msvcp_win.dll
0x00007ffdf0f40000 - 0x00007ffdf0f72000 	C:\WINDOWS\System32\IMM32.DLL
0x00007ffde8420000 - 0x00007ffde842c000 	C:\Program Files\JetBrains\CLion 2025.3.2\jbr\bin\vcruntime140_1.dll
0x00007ffdcd5f0000 - 0x00007ffdcd679000 	C:\Program Files\JetBrains\CLion 2025.3.2\jbr\bin\msvcp140.dll
0x00007ffd76840000 - 0x00007ffd77792000 	C:\Program Files\JetBrains\CLion 2025.3.2\jbr\bin\server\jvm.dll
0x00007ffdf0710000 - 0x00007ffdf07c6000 	C:\WINDOWS\System32\ADVAPI32.dll
0x00007ffdf02a0000 - 0x00007ffdf0347000 	C:\WINDOWS\System32\sechost.dll
0x00007ffdefd80000 - 0x00007ffdefe98000 	C:\WINDOWS\System32\RPCRT4.dll
0x00007ffdefcf0000 - 0x00007ffdefd70000 	C:\WINDOWS\System32\WS2_32.dll
0x00007ffde1330000 - 0x00007ffde1366000 	C:\WINDOWS\SYSTEM32\WINMM.dll
0x00007ffde8460000 - 0x00007ffde846b000 	C:\WINDOWS\SYSTEM32\VERSION.dll
0x00007ffdee350000 - 0x00007ffdee3ae000 	C:\WINDOWS\SYSTEM32\POWRPROF.dll
0x00007ffdee280000 - 0x00007ffdee294000 	C:\WINDOWS\SYSTEM32\UMPDC.dll
0x00007ffded240000 - 0x00007ffded25b000 	C:\WINDOWS\SYSTEM32\kernel.appcore.dll
0x00007ffde74a0000 - 0x00007ffde74aa000 	C:\Program Files\JetBrains\CLion 2025.3.2\jbr\bin\jimage.dll
0x00007ffdd7880000 - 0x00007ffdd7ac2000 	C:\WINDOWS\SYSTEM32\DBGHELP.DLL
0x00007ffdf1830000 - 0x00007ffdf1bb2000 	C:\WINDOWS\System32\combase.dll
0x00007ffdf0ff0000 - 0x00007ffdf10c7000 	C:\WINDOWS\System32\OLEAUT32.dll
0x00007ffdd3c40000 - 0x00007ffdd3c7b000 	C:\WINDOWS\SYSTEM32\dbgcore.DLL
0x00007ffdeeb10000 - 0x00007ffdeebb5000 	C:\WINDOWS\System32\bcryptPrimitives.dll
0x00007ffde72e0000 - 0x00007ffde72ff000 	C:\Program Files\JetBrains\CLion 2025.3.2\jbr\bin\java.dll
0x00007ffdefab0000 - 0x00007ffdefc47000 	C:\WINDOWS\System32\ole32.dll
0x00007ffdf07d0000 - 0x00007ffdf0f36000 	C:\WINDOWS\System32\SHELL32.dll
0x00007ffdee7a0000 - 0x00007ffdee90a000 	C:\WINDOWS\System32\wintypes.dll

JVMTI agents: none

dbghelp: loaded successfully - version: 4.0.5 - missing functions: none
symbol engine: initialized successfully - sym options: 0x614 - pdb path: .;C:\Program Files\JetBrains\CLion 2025.3.2\jbr\bin;C:\WINDOWS\SYSTEM32;C:\WINDOWS\WinSxS\amd64_microsoft.windows.common-controls_6595b64144ccf1df_6.0.26100.8115_none_3e075c82e3354f9c;C:\Program Files\JetBrains\CLion 2025.3.2\jbr\bin\server

VM Arguments:
java_command: git4idea.http.GitAskPassApp Username for 'https://github.com': 
java_class_path (initial): C:/Program Files/JetBrains/CLion 2025.3.2/plugins/vcs-git/lib/git4idea-rt.jar;C:/Program Files/JetBrains/CLion 2025.3.2/lib/externalProcess-rt.jar
Launcher Type: SUN_STANDARD

[Global flags]
     intx CICompilerCount                          = 4                                         {product} {ergonomic}
     uint ConcGCThreads                            = 3                                         {product} {ergonomic}
     uint G1ConcRefinementThreads                  = 10                                        {product} {ergonomic}
   size_t G1HeapRegionSize                         = 2097152                                   {product} {ergonomic}
   size_t InitialHeapSize                          = 266338304                                 {product} {ergonomic}
   size_t MarkStackSize                            = 4194304                                   {product} {ergonomic}
   size_t MarkStackSizeMax                         = 536870912                                 {product} {ergonomic}
   size_t MaxHeapSize                              = 4257218560                                {product} {ergonomic}
   size_t MinHeapDeltaBytes                        = 2097152                                   {product} {ergonomic}
   size_t MinHeapSize                              = 8388608                                   {product} {ergonomic}
    uintx NonNMethodCodeHeapSize                   = 5832704                                {pd product} {ergonomic}
    uintx NonProfiledCodeHeapSize                  = 122945536                              {pd product} {ergonomic}
    uintx ProfiledCodeHeapSize                     = 122880000                              {pd product} {ergonomic}
    uintx ReservedCodeCacheSize                    = 251658240                              {pd product} {ergonomic}
     bool SegmentedCodeCache                       = true                                      {product} {ergonomic}
   size_t SoftMaxHeapSize                          = 4257218560                             {manageable} {ergonomic}
     bool UseCompressedOops                        = true                           {product lp64_product} {ergonomic}
     bool UseG1GC                                  = true                                      {product} {ergonomic}
     bool UseLargePagesIndividualAllocation        = false                                  {pd product} {ergonomic}

Logging:
Log output configuration:
 #0: stdout all=warning uptime,level,tags foldmultilines=false
 #1: stderr all=off uptime,level,tags foldmultilines=false

Release file:
<release file has not been read>
Environment Variables:
PATH=C:/Program Files/Git/mingw64/libexec/git-core;C:/Program Files/Git/mingw64/libexec/git-core;C:\Program Files\Git\mingw64\bin;C:\Program Files\Git\usr\bin;C:\Users\2025\bin;C:\WINDOWS\system32;C:\WINDOWS;C:\WINDOWS\System32\Wbem;C:\WINDOWS\System32\WindowsPowerShell\v1.0\;C:\WINDOWS\System32\OpenSSH\;C:\Program Files\dotnet\;C:\Program Files\NVIDIA Corporation\NVIDIA App\NvDLISR;C:\Program Files (x86)\NVIDIA Corporation\PhysX\Common;C:\Program Files\Git\cmd;C:\ProgramData\chocolatey\bin;C:\Program Files\nodejs\;C:\Users\2025\AppData\Local\Microsoft\WindowsApps\;C:\Users\2025\Downloads\Argyll_V3.4.1_win64_exe\Argyll_V3.4.1\bin;C:\Users\2025\AppData\Local\Programs\Python\Python313\python.exe;C:\Program Files\PowerShell\7\;C:\Users\2025\AppData\Local\Programs\Python\Python313\Scripts\;C:\Users\2025\AppData\Local\Programs\Python\Python313\;C:\Users\2025\AppData\Local\Microsoft\WindowsApps;C:\Users\2025\AppData\Local\Programs\Microsoft VS Code\bin;C:\Users\2025\AppData\Roaming\npm;C:\Program Files\JetBrains\PyCharm 2025.3.3\bin
USERNAME=2025
DISPLAY=:0.0
LC_ALL=en_US.UTF-8
TERM=xterm-256color
TMPDIR=C:\Users\2025\AppData\Local\Temp
OS=Windows_NT
PROCESSOR_IDENTIFIER=Intel64 Family 6 Model 165 Stepping 5, GenuineIntel
TMP=C:\Users\2025\AppData\Local\Temp
TEMP=C:\Users\2025\AppData\Local\Temp




Compilation memory statistics disabled.

Periodic native trim disabled

JNI global refs:
JNI global refs: 0, weak refs: 0

JNI global refs memory usage: 0, weak refs: 0

Process memory usage:
Resident Set Size: 14376K (0% of 16623628K total physical memory with 2017684K free physical memory)

OOME stack traces (most recent first):
Classloader memory used:

---------------  S Y S T E M  ---------------

OS:
 Windows 11 , 64 bit Build 26100 (10.0.26100.8115)
OS uptime: 0 days 3:26 hours
Hyper-V role detected

CPU: total 12 (initial active 12) (6 cores per cpu, 2 threads per core) family 6 model 165 stepping 5 microcode 0xfa, cx8, cmov, fxsr, ht, mmx, 3dnowpref, sse, sse2, sse3, ssse3, sse4.1, sse4.2, popcnt, lzcnt, tsc, tscinvbit, avx, avx2, aes, erms, clmul, bmi1, bmi2, adx, fma, vzeroupper, clflush, clflushopt, hv, rdtscp, f16c
Processor Information for the first 12 processors :
  Max Mhz: 2904, Current Mhz: 2904, Mhz Limit: 2904

Memory: 4k page, system-wide physical 16234M (1970M free)
TotalPageFile size 16234M (AvailPageFile size 11M)
current process WorkingSet (physical memory assigned to process): 14M, peak: 14M
current process commit charge ("private bytes"): 319M, peak: 323M

vm_info: OpenJDK 64-Bit Server VM (25.0.2+1-b329.72) for windows-amd64 JRE (25.0.2+1-b329.72), built on 2026-03-02 with MS VC++ 17.14 (VS2022)

END.
